// Jest Snapshot v1, https://goo.gl/fbAQLP

exports[`Layout compnent matches snapshot 1`] = `
<DocumentFragment>
  <div
    class="container"
  >
    <header
      class="header"
    >
      <a
        href="/"
      >
        <img
          alt="Chris Chow"
          class="headerImage borderCircle"
          src="/images/profile.jpg"
        />
      </a>
      <h2
        class="headingLg"
      >
        <a
          class="colorInherit"
          href="/"
        >
          Chris Chow
        </a>
      </h2>
    </header>
    <main />
    <div
      class="backToHome"
    >
      <a
        href="/"
      >
        ‚Üê Back to home
      </a>
    </div>
  </div>
</DocumentFragment>
`;
