// Jest Snapshot v1, https://goo.gl/fbAQLP

exports[`Date compnent matches snapshot 1`] = `
<DocumentFragment>
  <time
    datetime="2020-01-01"
  >
    January 1, 2020
  </time>
</DocumentFragment>
`;
